// Jest Snapshot v1, https://goo.gl/fbAQLP

exports[`Backdrop test Backdrop component should be displayed 1`] = `
<div
  className="Backdrop"
/>
`;
